Coverage Report Summary Data by instance

=================================================================================
=== Instance: /tb_baccarat/dut/dp/dc
=== Design Unit: work.dealcard
=================================================================================
    Enabled Coverage              Bins      Hits    Misses  Coverage
    ----------------              ----      ----    ------  --------
    Branches                         3         3         0   100.00%
    Statements                       4         4         0   100.00%
    Toggles                         16        16         0   100.00%

=================================================================================
=== Instance: /tb_baccarat/dut/dp/pcard1
=== Design Unit: work.reg4
=================================================================================
    Enabled Coverage              Bins      Hits    Misses  Coverage
    ----------------              ----      ----    ------  --------
    Branches                         3         3         0   100.00%
    Statements                       3         3         0   100.00%
    Toggles                          8         1         7    12.50%

=================================================================================
=== Instance: /tb_baccarat/dut/dp/pcard2
=== Design Unit: work.reg4
=================================================================================
    Enabled Coverage              Bins      Hits    Misses  Coverage
    ----------------              ----      ----    ------  --------
    Branches                         3         3         0   100.00%
    Statements                       3         3         0   100.00%
    Toggles                          8         2         6    25.00%

=================================================================================
=== Instance: /tb_baccarat/dut/dp/pcard3
=== Design Unit: work.reg4
=================================================================================
    Enabled Coverage              Bins      Hits    Misses  Coverage
    ----------------              ----      ----    ------  --------
    Branches                         3         2         1    66.66%
    Statements                       3         2         1    66.66%
    Toggles                          8         0         8     0.00%

=================================================================================
=== Instance: /tb_baccarat/dut/dp/dcard1
=== Design Unit: work.reg4
=================================================================================
    Enabled Coverage              Bins      Hits    Misses  Coverage
    ----------------              ----      ----    ------  --------
    Branches                         3         3         0   100.00%
    Statements                       3         3         0   100.00%
    Toggles                          8         2         6    25.00%

=================================================================================
=== Instance: /tb_baccarat/dut/dp/dcard2
=== Design Unit: work.reg4
=================================================================================
    Enabled Coverage              Bins      Hits    Misses  Coverage
    ----------------              ----      ----    ------  --------
    Branches                         3         3         0   100.00%
    Statements                       3         3         0   100.00%
    Toggles                          8         3         5    37.50%

=================================================================================
=== Instance: /tb_baccarat/dut/dp/dcard3
=== Design Unit: work.reg4
=================================================================================
    Enabled Coverage              Bins      Hits    Misses  Coverage
    ----------------              ----      ----    ------  --------
    Branches                         3         3         0   100.00%
    Statements                       3         3         0   100.00%
    Toggles                          8         2         6    25.00%

=================================================================================
=== Instance: /tb_baccarat/dut/dp/pcard1Seg
=== Design Unit: work.card7seg
=================================================================================
    Enabled Coverage              Bins      Hits    Misses  Coverage
    ----------------              ----      ----    ------  --------
    Branches                        14        14         0   100.00%
    Statements                      15        15         0   100.00%
    Toggles                         14        14         0   100.00%

=================================================================================
=== Instance: /tb_baccarat/dut/dp/pcard2Seg
=== Design Unit: work.card7seg
=================================================================================
    Enabled Coverage              Bins      Hits    Misses  Coverage
    ----------------              ----      ----    ------  --------
    Branches                        14        14         0   100.00%
    Statements                      15        15         0   100.00%
    Toggles                         14        14         0   100.00%

=================================================================================
=== Instance: /tb_baccarat/dut/dp/pcard3Seg
=== Design Unit: work.card7seg
=================================================================================
    Enabled Coverage              Bins      Hits    Misses  Coverage
    ----------------              ----      ----    ------  --------
    Branches                        14        14         0   100.00%
    Statements                      15        15         0   100.00%
    Toggles                         14        14         0   100.00%

=================================================================================
=== Instance: /tb_baccarat/dut/dp/dcard1Seg
=== Design Unit: work.card7seg
=================================================================================
    Enabled Coverage              Bins      Hits    Misses  Coverage
    ----------------              ----      ----    ------  --------
    Branches                        14        14         0   100.00%
    Statements                      15        15         0   100.00%
    Toggles                         14        14         0   100.00%

=================================================================================
=== Instance: /tb_baccarat/dut/dp/dcard2Seg
=== Design Unit: work.card7seg
=================================================================================
    Enabled Coverage              Bins      Hits    Misses  Coverage
    ----------------              ----      ----    ------  --------
    Branches                        14        14         0   100.00%
    Statements                      15        15         0   100.00%
    Toggles                         14        14         0   100.00%

=================================================================================
=== Instance: /tb_baccarat/dut/dp/dcard3Seg
=== Design Unit: work.card7seg
=================================================================================
    Enabled Coverage              Bins      Hits    Misses  Coverage
    ----------------              ----      ----    ------  --------
    Branches                        14        14         0   100.00%
    Statements                      15        15         0   100.00%
    Toggles                         14        14         0   100.00%

=================================================================================
=== Instance: /tb_baccarat/dut/dp/score_p
=== Design Unit: work.scorehand
=================================================================================
    Enabled Coverage              Bins      Hits    Misses  Coverage
    ----------------              ----      ----    ------  --------
    Branches                         6         6         0   100.00%
    Statements                       8         8         0   100.00%
    Toggles                         32        32         0   100.00%

=================================================================================
=== Instance: /tb_baccarat/dut/dp/score_d
=== Design Unit: work.scorehand
=================================================================================
    Enabled Coverage              Bins      Hits    Misses  Coverage
    ----------------              ----      ----    ------  --------
    Branches                         6         6         0   100.00%
    Statements                       8         8         0   100.00%
    Toggles                         32        32         0   100.00%

=================================================================================
=== Instance: /tb_baccarat/dut/dp
=== Design Unit: work.datapath
=================================================================================
    Enabled Coverage              Bins      Hits    Misses  Coverage
    ----------------              ----      ----    ------  --------
    Toggles                        164       164         0   100.00%

=================================================================================
=== Instance: /tb_baccarat/dut/sm
=== Design Unit: work.statemachine
=================================================================================
    Enabled Coverage              Bins      Hits    Misses  Coverage
    ----------------              ----      ----    ------  --------
    Branches                        40        19        21    47.50%
    Statements                      34        18        16    52.94%
    Toggles                         22        19         3    86.36%

=================================================================================
=== Instance: /tb_baccarat/dut
=== Design Unit: work.baccarat
=================================================================================
    Enabled Coverage              Bins      Hits    Misses  Coverage
    ----------------              ----      ----    ------  --------
    Toggles                        146       143         3    97.94%

=================================================================================
=== Instance: /tb_baccarat
=== Design Unit: work.tb_baccarat
=================================================================================
    Enabled Coverage              Bins      Hits    Misses  Coverage
    ----------------              ----      ----    ------  --------
    Assertions                      88        88         0   100.00%
    Statements                     289       289         0   100.00%
    Toggles                        114       109         5    95.61%


TOTAL ASSERTION COVERAGE: 100.00%  ASSERTIONS: 88

Total Coverage By Instance (filtered view): 93.69%

